// Jest Snapshot v1, https://goo.gl/fbAQLP

exports[`Наличие элементов на странице Заголовок buttonClearCompleted 1`] = `
<button
  class="myBtn"
  style="color: rgb(169, 169, 169); font-weight: 300; font-size: 1.3rem;"
>
  Clear completed
</button>
`;

exports[`Наличие элементов на странице Заголовок items left 1`] = `
<div>
  3
   items left
</div>
`;
